2026-07-17 22:40:40,639 - verbecc - INFO - verbs.py:29 - loaded verbecc config: VerbeccConfig(version=1, ENABLE_ML_PREDICTION=True, JSBEAUTIFIER_ENABLE=True, JSBEAUTIFIER_OPTS=JSBeautifierOpts(brace_style='expand', break_chained_methods=False, comma_first=False, e4x=False, end_with_newline=False, indent_char=' ', indent_empty_lines=False, indent_inner_html=False, indent_scripts='normal', indent_size=4, jslint_happy=False, keep_array_indentation=False, max_preserve_newlines=-1, preserve_newlines=False, space_before_conditional=True, unescape_strings=False, wrap_line_length=80), JSON_OPTS=JSONOpts(allow_nan=False, sort_keys=True, ensure_ascii=False, indent=4))
2026-07-17 22:40:40,645 - verbecc - WARNING - model_utils.py:60 - Exception loading model data/models/trained_model-fr.zip: [Errno 2] No such file or directory: 'C:\\Users\\emman\\OneDrive\\Documentos\\verbo_fleete-main\\.venv\\Lib\\site-packages\\verbecc\\data\\models\\trained_model-fr.zip'
Traceback (most recent call last):
  File "C:\Users\emman\OneDrive\Documentos\verbo_fleete-main\.venv\Lib\site-packages\verbecc\src\mlconjug\model_utils.py", line 50, in load_model
    with ZipFile(f) as zf:
         ~~~~~~~^^^
  File "C:\Users\emman\AppData\Local\Python\pythoncore-3.14-64\Lib\zipfile\__init__.py", line 1462, in __init__
    self.fp = io.open(file, filemode)
              ~~~~~~~^^^^^^^^^^^^^^^^
FileNotFoundError: [Errno 2] No such file or directory: 'C:\\Users\\emman\\OneDrive\\Documentos\\verbo_fleete-main\\.venv\\Lib\\site-packages\\verbecc\\data\\models\\trained_model-fr.zip'
2026-07-17 22:40:40,648 - verbecc - INFO - predictor.py:23 - Could not load existing model, training new model...
2026-07-17 22:40:43,343 - verbecc - INFO - model_utils.py:35 - Saved model pickle filename trained_model-fr.pickle to zip filename data/models/trained_model-fr.zip.
2026-07-17 22:40:43,345 - verbecc - INFO - predictor.py:27 - Model training complete. Model saved to data/models/trained_model-fr.zip.
2026-07-17 22:43:17,489 - verbecc - INFO - verbs.py:29 - loaded verbecc config: VerbeccConfig(version=1, ENABLE_ML_PREDICTION=True, JSBEAUTIFIER_ENABLE=True, JSBEAUTIFIER_OPTS=JSBeautifierOpts(brace_style='expand', break_chained_methods=False, comma_first=False, e4x=False, end_with_newline=False, indent_char=' ', indent_empty_lines=False, indent_inner_html=False, indent_scripts='normal', indent_size=4, jslint_happy=False, keep_array_indentation=False, max_preserve_newlines=-1, preserve_newlines=False, space_before_conditional=True, unescape_strings=False, wrap_line_length=80), JSON_OPTS=JSONOpts(allow_nan=False, sort_keys=True, ensure_ascii=False, indent=4))
2026-07-17 22:43:17,517 - verbecc - INFO - model_utils.py:54 - Loaded model pickle (filename=trained_model-fr.pickle) from zip file (filename=data/models/trained_model-fr.zip)
2026-07-17 22:43:17,517 - verbecc - INFO - predictor.py:21 - Loaded existing model from zip file.
2026-07-17 23:26:01,790 - verbecc - INFO - verbs.py:29 - loaded verbecc config: VerbeccConfig(version=1, ENABLE_ML_PREDICTION=True, JSBEAUTIFIER_ENABLE=True, JSBEAUTIFIER_OPTS=JSBeautifierOpts(brace_style='expand', break_chained_methods=False, comma_first=False, e4x=False, end_with_newline=False, indent_char=' ', indent_empty_lines=False, indent_inner_html=False, indent_scripts='normal', indent_size=4, jslint_happy=False, keep_array_indentation=False, max_preserve_newlines=-1, preserve_newlines=False, space_before_conditional=True, unescape_strings=False, wrap_line_length=80), JSON_OPTS=JSONOpts(allow_nan=False, sort_keys=True, ensure_ascii=False, indent=4))
2026-07-17 23:26:01,816 - verbecc - INFO - model_utils.py:54 - Loaded model pickle (filename=trained_model-fr.pickle) from zip file (filename=data/models/trained_model-fr.zip)
2026-07-17 23:26:01,817 - verbecc - INFO - predictor.py:21 - Loaded existing model from zip file.
2026-07-18 00:23:54,687 - verbecc - INFO - verbs.py:29 - loaded verbecc config: VerbeccConfig(version=1, ENABLE_ML_PREDICTION=True, JSBEAUTIFIER_ENABLE=True, JSBEAUTIFIER_OPTS=JSBeautifierOpts(brace_style='expand', break_chained_methods=False, comma_first=False, e4x=False, end_with_newline=False, indent_char=' ', indent_empty_lines=False, indent_inner_html=False, indent_scripts='normal', indent_size=4, jslint_happy=False, keep_array_indentation=False, max_preserve_newlines=-1, preserve_newlines=False, space_before_conditional=True, unescape_strings=False, wrap_line_length=80), JSON_OPTS=JSONOpts(allow_nan=False, sort_keys=True, ensure_ascii=False, indent=4))
2026-07-18 00:23:54,715 - verbecc - INFO - model_utils.py:54 - Loaded model pickle (filename=trained_model-fr.pickle) from zip file (filename=data/models/trained_model-fr.zip)
2026-07-18 00:23:54,715 - verbecc - INFO - predictor.py:21 - Loaded existing model from zip file.
2026-07-18 00:42:52,547 - verbecc - INFO - verbs.py:29 - loaded verbecc config: VerbeccConfig(version=1, ENABLE_ML_PREDICTION=True, JSBEAUTIFIER_ENABLE=True, JSBEAUTIFIER_OPTS=JSBeautifierOpts(brace_style='expand', break_chained_methods=False, comma_first=False, e4x=False, end_with_newline=False, indent_char=' ', indent_empty_lines=False, indent_inner_html=False, indent_scripts='normal', indent_size=4, jslint_happy=False, keep_array_indentation=False, max_preserve_newlines=-1, preserve_newlines=False, space_before_conditional=True, unescape_strings=False, wrap_line_length=80), JSON_OPTS=JSONOpts(allow_nan=False, sort_keys=True, ensure_ascii=False, indent=4))
2026-07-18 00:42:52,567 - verbecc - INFO - model_utils.py:54 - Loaded model pickle (filename=trained_model-fr.pickle) from zip file (filename=data/models/trained_model-fr.zip)
2026-07-18 00:42:52,568 - verbecc - INFO - predictor.py:21 - Loaded existing model from zip file.
2026-07-18 00:49:20,988 - verbecc - INFO - verbs.py:29 - loaded verbecc config: VerbeccConfig(version=1, ENABLE_ML_PREDICTION=True, JSBEAUTIFIER_ENABLE=True, JSBEAUTIFIER_OPTS=JSBeautifierOpts(brace_style='expand', break_chained_methods=False, comma_first=False, e4x=False, end_with_newline=False, indent_char=' ', indent_empty_lines=False, indent_inner_html=False, indent_scripts='normal', indent_size=4, jslint_happy=False, keep_array_indentation=False, max_preserve_newlines=-1, preserve_newlines=False, space_before_conditional=True, unescape_strings=False, wrap_line_length=80), JSON_OPTS=JSONOpts(allow_nan=False, sort_keys=True, ensure_ascii=False, indent=4))
2026-07-18 00:49:21,009 - verbecc - INFO - model_utils.py:54 - Loaded model pickle (filename=trained_model-fr.pickle) from zip file (filename=data/models/trained_model-fr.zip)
2026-07-18 00:49:21,009 - verbecc - INFO - predictor.py:21 - Loaded existing model from zip file.
2026-07-18 01:01:27,598 - verbecc - INFO - verbs.py:29 - loaded verbecc config: VerbeccConfig(version=1, ENABLE_ML_PREDICTION=True, JSBEAUTIFIER_ENABLE=True, JSBEAUTIFIER_OPTS=JSBeautifierOpts(brace_style='expand', break_chained_methods=False, comma_first=False, e4x=False, end_with_newline=False, indent_char=' ', indent_empty_lines=False, indent_inner_html=False, indent_scripts='normal', indent_size=4, jslint_happy=False, keep_array_indentation=False, max_preserve_newlines=-1, preserve_newlines=False, space_before_conditional=True, unescape_strings=False, wrap_line_length=80), JSON_OPTS=JSONOpts(allow_nan=False, sort_keys=True, ensure_ascii=False, indent=4))
2026-07-18 01:01:27,618 - verbecc - INFO - model_utils.py:54 - Loaded model pickle (filename=trained_model-fr.pickle) from zip file (filename=data/models/trained_model-fr.zip)
2026-07-18 01:01:27,619 - verbecc - INFO - predictor.py:21 - Loaded existing model from zip file.
2026-07-18 01:08:47,439 - verbecc - INFO - verbs.py:29 - loaded verbecc config: VerbeccConfig(version=1, ENABLE_ML_PREDICTION=True, JSBEAUTIFIER_ENABLE=True, JSBEAUTIFIER_OPTS=JSBeautifierOpts(brace_style='expand', break_chained_methods=False, comma_first=False, e4x=False, end_with_newline=False, indent_char=' ', indent_empty_lines=False, indent_inner_html=False, indent_scripts='normal', indent_size=4, jslint_happy=False, keep_array_indentation=False, max_preserve_newlines=-1, preserve_newlines=False, space_before_conditional=True, unescape_strings=False, wrap_line_length=80), JSON_OPTS=JSONOpts(allow_nan=False, sort_keys=True, ensure_ascii=False, indent=4))
2026-07-18 01:08:47,460 - verbecc - INFO - model_utils.py:54 - Loaded model pickle (filename=trained_model-fr.pickle) from zip file (filename=data/models/trained_model-fr.zip)
2026-07-18 01:08:47,461 - verbecc - INFO - predictor.py:21 - Loaded existing model from zip file.
2026-07-18 01:08:49,709 - verbecc - INFO - verbs.py:29 - loaded verbecc config: VerbeccConfig(version=1, ENABLE_ML_PREDICTION=True, JSBEAUTIFIER_ENABLE=True, JSBEAUTIFIER_OPTS=JSBeautifierOpts(brace_style='expand', break_chained_methods=False, comma_first=False, e4x=False, end_with_newline=False, indent_char=' ', indent_empty_lines=False, indent_inner_html=False, indent_scripts='normal', indent_size=4, jslint_happy=False, keep_array_indentation=False, max_preserve_newlines=-1, preserve_newlines=False, space_before_conditional=True, unescape_strings=False, wrap_line_length=80), JSON_OPTS=JSONOpts(allow_nan=False, sort_keys=True, ensure_ascii=False, indent=4))
2026-07-18 01:08:49,729 - verbecc - INFO - model_utils.py:54 - Loaded model pickle (filename=trained_model-fr.pickle) from zip file (filename=data/models/trained_model-fr.zip)
2026-07-18 01:08:49,730 - verbecc - INFO - predictor.py:21 - Loaded existing model from zip file.
2026-07-18 01:14:26,739 - verbecc - INFO - verbs.py:29 - loaded verbecc config: VerbeccConfig(version=1, ENABLE_ML_PREDICTION=True, JSBEAUTIFIER_ENABLE=True, JSBEAUTIFIER_OPTS=JSBeautifierOpts(brace_style='expand', break_chained_methods=False, comma_first=False, e4x=False, end_with_newline=False, indent_char=' ', indent_empty_lines=False, indent_inner_html=False, indent_scripts='normal', indent_size=4, jslint_happy=False, keep_array_indentation=False, max_preserve_newlines=-1, preserve_newlines=False, space_before_conditional=True, unescape_strings=False, wrap_line_length=80), JSON_OPTS=JSONOpts(allow_nan=False, sort_keys=True, ensure_ascii=False, indent=4))
2026-07-18 01:14:26,760 - verbecc - INFO - model_utils.py:54 - Loaded model pickle (filename=trained_model-fr.pickle) from zip file (filename=data/models/trained_model-fr.zip)
2026-07-18 01:14:26,760 - verbecc - INFO - predictor.py:21 - Loaded existing model from zip file.
2026-07-18 01:14:29,026 - verbecc - INFO - verbs.py:29 - loaded verbecc config: VerbeccConfig(version=1, ENABLE_ML_PREDICTION=True, JSBEAUTIFIER_ENABLE=True, JSBEAUTIFIER_OPTS=JSBeautifierOpts(brace_style='expand', break_chained_methods=False, comma_first=False, e4x=False, end_with_newline=False, indent_char=' ', indent_empty_lines=False, indent_inner_html=False, indent_scripts='normal', indent_size=4, jslint_happy=False, keep_array_indentation=False, max_preserve_newlines=-1, preserve_newlines=False, space_before_conditional=True, unescape_strings=False, wrap_line_length=80), JSON_OPTS=JSONOpts(allow_nan=False, sort_keys=True, ensure_ascii=False, indent=4))
2026-07-18 01:14:29,048 - verbecc - INFO - model_utils.py:54 - Loaded model pickle (filename=trained_model-fr.pickle) from zip file (filename=data/models/trained_model-fr.zip)
2026-07-18 01:14:29,048 - verbecc - INFO - predictor.py:21 - Loaded existing model from zip file.
2026-07-18 01:14:31,337 - verbecc - INFO - verbs.py:29 - loaded verbecc config: VerbeccConfig(version=1, ENABLE_ML_PREDICTION=True, JSBEAUTIFIER_ENABLE=True, JSBEAUTIFIER_OPTS=JSBeautifierOpts(brace_style='expand', break_chained_methods=False, comma_first=False, e4x=False, end_with_newline=False, indent_char=' ', indent_empty_lines=False, indent_inner_html=False, indent_scripts='normal', indent_size=4, jslint_happy=False, keep_array_indentation=False, max_preserve_newlines=-1, preserve_newlines=False, space_before_conditional=True, unescape_strings=False, wrap_line_length=80), JSON_OPTS=JSONOpts(allow_nan=False, sort_keys=True, ensure_ascii=False, indent=4))
2026-07-18 01:14:31,358 - verbecc - INFO - model_utils.py:54 - Loaded model pickle (filename=trained_model-fr.pickle) from zip file (filename=data/models/trained_model-fr.zip)
2026-07-18 01:14:31,358 - verbecc - INFO - predictor.py:21 - Loaded existing model from zip file.
2026-07-18 01:43:41,763 - verbecc - INFO - verbs.py:29 - loaded verbecc config: VerbeccConfig(version=1, ENABLE_ML_PREDICTION=True, JSBEAUTIFIER_ENABLE=True, JSBEAUTIFIER_OPTS=JSBeautifierOpts(brace_style='expand', break_chained_methods=False, comma_first=False, e4x=False, end_with_newline=False, indent_char=' ', indent_empty_lines=False, indent_inner_html=False, indent_scripts='normal', indent_size=4, jslint_happy=False, keep_array_indentation=False, max_preserve_newlines=-1, preserve_newlines=False, space_before_conditional=True, unescape_strings=False, wrap_line_length=80), JSON_OPTS=JSONOpts(allow_nan=False, sort_keys=True, ensure_ascii=False, indent=4))
2026-07-18 01:43:41,788 - verbecc - INFO - model_utils.py:54 - Loaded model pickle (filename=trained_model-fr.pickle) from zip file (filename=data/models/trained_model-fr.zip)
2026-07-18 01:43:41,788 - verbecc - INFO - predictor.py:21 - Loaded existing model from zip file.
2026-07-18 01:45:05,000 - verbecc - INFO - verbs.py:29 - loaded verbecc config: VerbeccConfig(version=1, ENABLE_ML_PREDICTION=True, JSBEAUTIFIER_ENABLE=True, JSBEAUTIFIER_OPTS=JSBeautifierOpts(brace_style='expand', break_chained_methods=False, comma_first=False, e4x=False, end_with_newline=False, indent_char=' ', indent_empty_lines=False, indent_inner_html=False, indent_scripts='normal', indent_size=4, jslint_happy=False, keep_array_indentation=False, max_preserve_newlines=-1, preserve_newlines=False, space_before_conditional=True, unescape_strings=False, wrap_line_length=80), JSON_OPTS=JSONOpts(allow_nan=False, sort_keys=True, ensure_ascii=False, indent=4))
2026-07-18 01:45:05,022 - verbecc - INFO - model_utils.py:54 - Loaded model pickle (filename=trained_model-fr.pickle) from zip file (filename=data/models/trained_model-fr.zip)
2026-07-18 01:45:05,023 - verbecc - INFO - predictor.py:21 - Loaded existing model from zip file.
2026-07-18 01:48:03,053 - verbecc - INFO - verbs.py:29 - loaded verbecc config: VerbeccConfig(version=1, ENABLE_ML_PREDICTION=True, JSBEAUTIFIER_ENABLE=True, JSBEAUTIFIER_OPTS=JSBeautifierOpts(brace_style='expand', break_chained_methods=False, comma_first=False, e4x=False, end_with_newline=False, indent_char=' ', indent_empty_lines=False, indent_inner_html=False, indent_scripts='normal', indent_size=4, jslint_happy=False, keep_array_indentation=False, max_preserve_newlines=-1, preserve_newlines=False, space_before_conditional=True, unescape_strings=False, wrap_line_length=80), JSON_OPTS=JSONOpts(allow_nan=False, sort_keys=True, ensure_ascii=False, indent=4))
2026-07-18 01:48:03,076 - verbecc - INFO - model_utils.py:54 - Loaded model pickle (filename=trained_model-fr.pickle) from zip file (filename=data/models/trained_model-fr.zip)
2026-07-18 01:48:03,076 - verbecc - INFO - predictor.py:21 - Loaded existing model from zip file.
2026-07-18 01:50:31,556 - verbecc - INFO - verbs.py:29 - loaded verbecc config: VerbeccConfig(version=1, ENABLE_ML_PREDICTION=True, JSBEAUTIFIER_ENABLE=True, JSBEAUTIFIER_OPTS=JSBeautifierOpts(brace_style='expand', break_chained_methods=False, comma_first=False, e4x=False, end_with_newline=False, indent_char=' ', indent_empty_lines=False, indent_inner_html=False, indent_scripts='normal', indent_size=4, jslint_happy=False, keep_array_indentation=False, max_preserve_newlines=-1, preserve_newlines=False, space_before_conditional=True, unescape_strings=False, wrap_line_length=80), JSON_OPTS=JSONOpts(allow_nan=False, sort_keys=True, ensure_ascii=False, indent=4))
2026-07-18 01:50:31,576 - verbecc - INFO - model_utils.py:54 - Loaded model pickle (filename=trained_model-fr.pickle) from zip file (filename=data/models/trained_model-fr.zip)
2026-07-18 01:50:31,577 - verbecc - INFO - predictor.py:21 - Loaded existing model from zip file.
2026-07-18 01:51:38,008 - verbecc - INFO - verbs.py:29 - loaded verbecc config: VerbeccConfig(version=1, ENABLE_ML_PREDICTION=True, JSBEAUTIFIER_ENABLE=True, JSBEAUTIFIER_OPTS=JSBeautifierOpts(brace_style='expand', break_chained_methods=False, comma_first=False, e4x=False, end_with_newline=False, indent_char=' ', indent_empty_lines=False, indent_inner_html=False, indent_scripts='normal', indent_size=4, jslint_happy=False, keep_array_indentation=False, max_preserve_newlines=-1, preserve_newlines=False, space_before_conditional=True, unescape_strings=False, wrap_line_length=80), JSON_OPTS=JSONOpts(allow_nan=False, sort_keys=True, ensure_ascii=False, indent=4))
2026-07-18 01:51:38,030 - verbecc - INFO - model_utils.py:54 - Loaded model pickle (filename=trained_model-fr.pickle) from zip file (filename=data/models/trained_model-fr.zip)
2026-07-18 01:51:38,030 - verbecc - INFO - predictor.py:21 - Loaded existing model from zip file.
2026-07-21 15:58:56,880 - verbecc - INFO - verbs.py:29 - loaded verbecc config: VerbeccConfig(version=1, ENABLE_ML_PREDICTION=True, JSBEAUTIFIER_ENABLE=True, JSBEAUTIFIER_OPTS=JSBeautifierOpts(brace_style='expand', break_chained_methods=False, comma_first=False, e4x=False, end_with_newline=False, indent_char=' ', indent_empty_lines=False, indent_inner_html=False, indent_scripts='normal', indent_size=4, jslint_happy=False, keep_array_indentation=False, max_preserve_newlines=-1, preserve_newlines=False, space_before_conditional=True, unescape_strings=False, wrap_line_length=80), JSON_OPTS=JSONOpts(allow_nan=False, sort_keys=True, ensure_ascii=False, indent=4))
2026-07-21 15:58:56,914 - verbecc - INFO - model_utils.py:54 - Loaded model pickle (filename=trained_model-fr.pickle) from zip file (filename=data/models/trained_model-fr.zip)
2026-07-21 15:58:56,915 - verbecc - INFO - predictor.py:21 - Loaded existing model from zip file.
2026-07-21 16:32:21,506 - verbecc - INFO - verbs.py:29 - loaded verbecc config: VerbeccConfig(version=1, ENABLE_ML_PREDICTION=True, JSBEAUTIFIER_ENABLE=True, JSBEAUTIFIER_OPTS=JSBeautifierOpts(brace_style='expand', break_chained_methods=False, comma_first=False, e4x=False, end_with_newline=False, indent_char=' ', indent_empty_lines=False, indent_inner_html=False, indent_scripts='normal', indent_size=4, jslint_happy=False, keep_array_indentation=False, max_preserve_newlines=-1, preserve_newlines=False, space_before_conditional=True, unescape_strings=False, wrap_line_length=80), JSON_OPTS=JSONOpts(allow_nan=False, sort_keys=True, ensure_ascii=False, indent=4))
2026-07-21 16:32:21,582 - verbecc - INFO - model_utils.py:54 - Loaded model pickle (filename=trained_model-fr.pickle) from zip file (filename=data/models/trained_model-fr.zip)
2026-07-21 16:32:21,584 - verbecc - INFO - predictor.py:21 - Loaded existing model from zip file.
2026-07-21 16:39:54,381 - verbecc - INFO - verbs.py:29 - loaded verbecc config: VerbeccConfig(version=1, ENABLE_ML_PREDICTION=True, JSBEAUTIFIER_ENABLE=True, JSBEAUTIFIER_OPTS=JSBeautifierOpts(brace_style='expand', break_chained_methods=False, comma_first=False, e4x=False, end_with_newline=False, indent_char=' ', indent_empty_lines=False, indent_inner_html=False, indent_scripts='normal', indent_size=4, jslint_happy=False, keep_array_indentation=False, max_preserve_newlines=-1, preserve_newlines=False, space_before_conditional=True, unescape_strings=False, wrap_line_length=80), JSON_OPTS=JSONOpts(allow_nan=False, sort_keys=True, ensure_ascii=False, indent=4))
2026-07-21 16:39:54,415 - verbecc - INFO - model_utils.py:54 - Loaded model pickle (filename=trained_model-fr.pickle) from zip file (filename=data/models/trained_model-fr.zip)
2026-07-21 16:39:54,415 - verbecc - INFO - predictor.py:21 - Loaded existing model from zip file.
2026-07-21 16:40:22,543 - verbecc - INFO - verbs.py:29 - loaded verbecc config: VerbeccConfig(version=1, ENABLE_ML_PREDICTION=True, JSBEAUTIFIER_ENABLE=True, JSBEAUTIFIER_OPTS=JSBeautifierOpts(brace_style='expand', break_chained_methods=False, comma_first=False, e4x=False, end_with_newline=False, indent_char=' ', indent_empty_lines=False, indent_inner_html=False, indent_scripts='normal', indent_size=4, jslint_happy=False, keep_array_indentation=False, max_preserve_newlines=-1, preserve_newlines=False, space_before_conditional=True, unescape_strings=False, wrap_line_length=80), JSON_OPTS=JSONOpts(allow_nan=False, sort_keys=True, ensure_ascii=False, indent=4))
2026-07-21 16:40:22,599 - verbecc - INFO - model_utils.py:54 - Loaded model pickle (filename=trained_model-fr.pickle) from zip file (filename=data/models/trained_model-fr.zip)
2026-07-21 16:40:22,600 - verbecc - INFO - predictor.py:21 - Loaded existing model from zip file.
2026-07-21 16:41:10,386 - verbecc - INFO - verbs.py:29 - loaded verbecc config: VerbeccConfig(version=1, ENABLE_ML_PREDICTION=True, JSBEAUTIFIER_ENABLE=True, JSBEAUTIFIER_OPTS=JSBeautifierOpts(brace_style='expand', break_chained_methods=False, comma_first=False, e4x=False, end_with_newline=False, indent_char=' ', indent_empty_lines=False, indent_inner_html=False, indent_scripts='normal', indent_size=4, jslint_happy=False, keep_array_indentation=False, max_preserve_newlines=-1, preserve_newlines=False, space_before_conditional=True, unescape_strings=False, wrap_line_length=80), JSON_OPTS=JSONOpts(allow_nan=False, sort_keys=True, ensure_ascii=False, indent=4))
2026-07-21 16:41:10,419 - verbecc - INFO - model_utils.py:54 - Loaded model pickle (filename=trained_model-fr.pickle) from zip file (filename=data/models/trained_model-fr.zip)
2026-07-21 16:41:10,420 - verbecc - INFO - predictor.py:21 - Loaded existing model from zip file.
2026-07-22 01:12:00,543 - verbecc - INFO - verbs.py:29 - loaded verbecc config: VerbeccConfig(version=1, ENABLE_ML_PREDICTION=True, JSBEAUTIFIER_ENABLE=True, JSBEAUTIFIER_OPTS=JSBeautifierOpts(brace_style='expand', break_chained_methods=False, comma_first=False, e4x=False, end_with_newline=False, indent_char=' ', indent_empty_lines=False, indent_inner_html=False, indent_scripts='normal', indent_size=4, jslint_happy=False, keep_array_indentation=False, max_preserve_newlines=-1, preserve_newlines=False, space_before_conditional=True, unescape_strings=False, wrap_line_length=80), JSON_OPTS=JSONOpts(allow_nan=False, sort_keys=True, ensure_ascii=False, indent=4))
2026-07-22 01:12:00,569 - verbecc - INFO - model_utils.py:54 - Loaded model pickle (filename=trained_model-fr.pickle) from zip file (filename=data/models/trained_model-fr.zip)
2026-07-22 01:12:00,570 - verbecc - INFO - predictor.py:21 - Loaded existing model from zip file.
2026-07-22 01:22:54,563 - verbecc - INFO - verbs.py:29 - loaded verbecc config: VerbeccConfig(version=1, ENABLE_ML_PREDICTION=True, JSBEAUTIFIER_ENABLE=True, JSBEAUTIFIER_OPTS=JSBeautifierOpts(brace_style='expand', break_chained_methods=False, comma_first=False, e4x=False, end_with_newline=False, indent_char=' ', indent_empty_lines=False, indent_inner_html=False, indent_scripts='normal', indent_size=4, jslint_happy=False, keep_array_indentation=False, max_preserve_newlines=-1, preserve_newlines=False, space_before_conditional=True, unescape_strings=False, wrap_line_length=80), JSON_OPTS=JSONOpts(allow_nan=False, sort_keys=True, ensure_ascii=False, indent=4))
2026-07-22 01:22:54,584 - verbecc - INFO - model_utils.py:54 - Loaded model pickle (filename=trained_model-fr.pickle) from zip file (filename=data/models/trained_model-fr.zip)
2026-07-22 01:22:54,584 - verbecc - INFO - predictor.py:21 - Loaded existing model from zip file.
